[MAIL] Используется почта: Psihores@yandex.ru
[MAIL] Сервер: imap.yandex.ru:993
[SEND] Отправка ответов: ВЫКЛЮЧЕНА
2025-12-26 14:04:08 - agents.document_processor - INFO - Загрузка локальной модели: Z:\Data With Python\document_processing_agent\models\model-q4_K.gguf
llama_context: n_ctx_per_seq (16384) < n_ctx_train (32768) -- the full capacity of the model will not be utilized
2025-12-26 14:04:17 - agents.document_processor - INFO - [OK] Локальная модель успешно загружена (Context: 16k)
2025-12-26 14:04:17 - __main__ - INFO - Используется модель: Z:\Data With Python\document_processing_agent\models\model-q4_K.gguf
2025-12-26 14:04:17 - __main__ - INFO - Агент инициализирован
2025-12-26 14:04:17 - __main__ - INFO - Загружено шаблонов: 49
2025-12-26 14:04:17 - __main__ - INFO - [TEMPLATE] Тест использует шаблон: Приложени2
2025-12-26 14:04:17 - __main__ - INFO - [TEST] Обработка тестового письма...
2025-12-26 14:04:17 - agents.document_processor - WARNING - [WARN] Текст вложений пуст! Использую тело письма.
2025-12-26 14:05:16 - agents.document_processor - INFO - [DEBUG] Raw LLM output (первые 500 симв): Выход:
{
  "document_type": "Договор",
  "brief_description": "Купли-продажи квартиры № КВ-80 от 24.07.2018. График платежей до 10.07.19. Сумма платежа 812 458 тенге.",
  "summary": "Предварительный договор о купле-продаже квартиры № КВ-80 с графиком платежей до 10.07.19. Сумма платежа составляет 812 458 тенге.",
  "responsible_person": "Абуов И.Т., Мухамбетова Е.А., Мухамбетов А.А.",
  "deadline": "10.07.19",
  "amount": "812 458 тенге"
}
2025-12-26 14:05:16 - __main__ - INFO - [RESULTS] Результаты анализа:
2025-12-26 14:05:16 - __main__ - INFO -   Тип документа: Договор
2025-12-26 14:05:16 - __main__ - INFO -   Описание: Купли-продажи квартиры № КВ-80 от 24.07.2018. График платежей до 10.07.19. Сумма платежа 812 458 тен
2025-12-26 14:05:16 - __main__ - INFO -   Ответственный: Абуов И.Т., Мухамбетова Е.А., Мухамбетов А.А.
2025-12-26 14:05:16 - __main__ - INFO -   Срок: 10.07.19
2025-12-26 14:05:16 - __main__ - INFO -   Сумма: 812 458 тенге
2025-12-26 14:05:17 - agents.contract_manager - INFO - [OK] Создан файл договора: REG-2025-000024.xlsx
2025-12-26 14:05:17 - agents.contract_manager - INFO -    Регистрационный номер: REG-2025-000024
2025-12-26 14:05:17 - agents.contract_manager - INFO -    Путь: contracts\REG-2025-000024.xlsx
2025-12-26 14:05:17 - __main__ - INFO - [CONTRACT] Договор сохранен в contracts/: REG-2025-000024
